WARNING: All log messages before absl::InitializeLog() is called are written to STDERR
I0000 00:00:1781207562.046026   11056 port.cc:153] oneDNN custom operations are on. You may see slightly different numerical results due to floating-point round-off errors from different computation orders. To turn them off, set the environment variable `TF_ENABLE_ONEDNN_OPTS=0`.
WARNING: All log messages before absl::InitializeLog() is called are written to STDERR
I0000 00:00:1781207565.267989   11056 port.cc:153] oneDNN custom operations are on. You may see slightly different numerical results due to floating-point round-off errors from different computation orders. To turn them off, set the environment variable `TF_ENABLE_ONEDNN_OPTS=0`.
I0000 00:00:1781207568.235162   11056 cpu_feature_guard.cc:227] This TensorFlow binary is optimized to use available CPU instructions in performance-critical operations.
To enable the following instructions: SSE3 SSE4.1 SSE4.2 AVX AVX2 FMA, in other operations, rebuild TensorFlow with the appropriate compiler flags.
WARNING:tensorflow:TensorFlow GPU support is not available on native Windows for TensorFlow >= 2.11. Even if CUDA/cuDNN are installed, GPU will not be used. Please use WSL2 or the TensorFlow-DirectML plugin.
============================================================
 เทรน Demodulator: BPSK (1 บิต/สัญลักษณ์)
============================================================
กำลังสร้างชุดข้อมูล train/val ...
  X_train=(5000, 512, 2), y_train=(5000, 64, 1)
  X_val  =(1000, 512, 2), y_val  =(1000, 64, 1)
Model: "CNN_LSTM_Demodulator"
┌─────────────────────────────────┬────────────────────────┬───────────────┐
│ Layer (type)                    │ Output Shape           │       Param # │
├─────────────────────────────────┼────────────────────────┼───────────────┤
│ iq_input (InputLayer)           │ (None, 512, 2)         │             0 │
├─────────────────────────────────┼────────────────────────┼───────────────┤
│ conv1d (Conv1D)                 │ (None, 512, 64)        │           704 │
├─────────────────────────────────┼────────────────────────┼───────────────┤
│ batch_normalization             │ (None, 512, 64)        │           256 │
│ (BatchNormalization)            │                        │               │
├─────────────────────────────────┼────────────────────────┼───────────────┤
│ conv1d_1 (Conv1D)               │ (None, 512, 64)        │        20,544 │
├─────────────────────────────────┼────────────────────────┼───────────────┤
│ batch_normalization_1           │ (None, 512, 64)        │           256 │
│ (BatchNormalization)            │                        │               │
├─────────────────────────────────┼────────────────────────┼───────────────┤
│ reshape (Reshape)               │ (None, 64, 512)        │             0 │
├─────────────────────────────────┼────────────────────────┼───────────────┤
│ bidirectional (Bidirectional)   │ (None, 64, 256)        │       656,384 │
├─────────────────────────────────┼────────────────────────┼───────────────┤
│ dropout (Dropout)               │ (None, 64, 256)        │             0 │
├─────────────────────────────────┼────────────────────────┼───────────────┤
│ time_distributed                │ (None, 64, 64)         │        16,448 │
│ (TimeDistributed)               │                        │               │
├─────────────────────────────────┼────────────────────────┼───────────────┤
│ bit_output (TimeDistributed)    │ (None, 64, 1)          │            65 │
└─────────────────────────────────┴────────────────────────┴───────────────┘
 Total params: 694,657 (2.65 MB)
 Trainable params: 694,401 (2.65 MB)
 Non-trainable params: 256 (1.00 KB)
Epoch 1/30
79/79 - 23s - 290ms/step - binary_accuracy: 0.9884 - loss: 0.0302 - val_binary_accuracy: 0.9717 - val_loss: 0.1908 - learning_rate: 0.0010
Epoch 2/30
79/79 - 15s - 192ms/step - binary_accuracy: 0.9993 - loss: 0.0020 - val_binary_accuracy: 0.9773 - val_loss: 0.1441 - learning_rate: 0.0010
Epoch 3/30
79/79 - 15s - 189ms/step - binary_accuracy: 0.9995 - loss: 0.0015 - val_binary_accuracy: 0.9944 - val_loss: 0.0380 - learning_rate: 0.0010
Epoch 4/30
79/79 - 15s - 188ms/step - binary_accuracy: 0.9995 - loss: 0.0014 - val_binary_accuracy: 0.9977 - val_loss: 0.0088 - learning_rate: 0.0010
Epoch 5/30
79/79 - 15s - 196ms/step - binary_accuracy: 0.9996 - loss: 0.0011 - val_binary_accuracy: 0.9987 - val_loss: 0.0038 - learning_rate: 0.0010
Epoch 6/30
79/79 - 15s - 194ms/step - binary_accuracy: 0.9997 - loss: 7.9964e-04 - val_binary_accuracy: 0.9991 - val_loss: 0.0026 - learning_rate: 0.0010
Epoch 7/30
79/79 - 16s - 198ms/step - binary_accuracy: 0.9998 - loss: 5.2884e-04 - val_binary_accuracy: 0.9995 - val_loss: 0.0016 - learning_rate: 0.0010
Epoch 8/30
79/79 - 15s - 193ms/step - binary_accuracy: 0.9998 - loss: 4.9232e-04 - val_binary_accuracy: 0.9995 - val_loss: 0.0017 - learning_rate: 0.0010
Epoch 9/30
79/79 - 15s - 194ms/step - binary_accuracy: 0.9999 - loss: 2.8051e-04 - val_binary_accuracy: 0.9995 - val_loss: 0.0017 - learning_rate: 0.0010
Epoch 10/30
79/79 - 15s - 194ms/step - binary_accuracy: 1.0000 - loss: 1.2749e-04 - val_binary_accuracy: 0.9995 - val_loss: 0.0019 - learning_rate: 0.0010
Epoch 11/30
79/79 - 15s - 194ms/step - binary_accuracy: 1.0000 - loss: 1.7423e-04 - val_binary_accuracy: 0.9995 - val_loss: 0.0019 - learning_rate: 5.0000e-04
Epoch 12/30
79/79 - 15s - 193ms/step - binary_accuracy: 1.0000 - loss: 7.0712e-05 - val_binary_accuracy: 0.9995 - val_loss: 0.0019 - learning_rate: 5.0000e-04
Epoch 13/30
79/79 - 15s - 192ms/step - binary_accuracy: 1.0000 - loss: 5.1124e-05 - val_binary_accuracy: 0.9995 - val_loss: 0.0019 - learning_rate: 5.0000e-04
Epoch 14/30
79/79 - 15s - 192ms/step - binary_accuracy: 1.0000 - loss: 4.6166e-05 - val_binary_accuracy: 0.9995 - val_loss: 0.0020 - learning_rate: 2.5000e-04
Epoch 15/30
79/79 - 15s - 195ms/step - binary_accuracy: 1.0000 - loss: 3.9478e-05 - val_binary_accuracy: 0.9995 - val_loss: 0.0020 - learning_rate: 2.5000e-04
Epoch 16/30
79/79 - 15s - 192ms/step - binary_accuracy: 1.0000 - loss: 3.4056e-05 - val_binary_accuracy: 0.9995 - val_loss: 0.0021 - learning_rate: 2.5000e-04
[บันทึกโมเดล] models\bpsk_demod.keras
------------------------------------------------------------
 ผลบน validation:  Accuracy = 99.95%  |  BER = 4.8435e-04
------------------------------------------------------------
[บันทึกกราฟ] results\bpsk_training.png
